2025-07-03 12:28:50 | ERROR    | backend.main | Failed to load FP‑Growth rules: Rules file not found: data/rules.csv
Traceback (most recent call last):
  File "/app/backend/main.py", line 19, in <module>
    fp_rec = FPGrowthRecommender(Path("data/rules.csv"))
             ^^^^^^^^^^^^^^^^^^^^^^^^^^^^^^^^^^^^^^^^^^^
  File "/app/backend/recommender_fp.py", line 15, in __init__
    raise FileNotFoundError(f"Rules file not found: {self.rule_path}")
FileNotFoundError: Rules file not found: data/rules.csv
2025-07-03 13:08:10 | INFO     | backend.main | Loaded FP‑Growth rules
2025-07-03 13:08:10 | ERROR    | backend.main | Failed to load DL model: [Errno 2] No such file or directory: 'models/ncf_model.pt'
Traceback (most recent call last):
  File "/app/backend/main.py", line 26, in <module>
    dl_rec = DLRecommender(Path("models/ncf_model.pt"))
             ^^^^^^^^^^^^^^^^^^^^^^^^^^^^^^^^^^^^^^^^^^
  File "/app/backend/recommender_dl.py", line 22, in __init__
    ckpt = torch.load(ckpt_path, map_location="cpu", weights_only=False)
           ^^^^^^^^^^^^^^^^^^^^^^^^^^^^^^^^^^^^^^^^^^^^^^^^^^^^^^^^^^^^^
  File "/usr/local/lib/python3.11/site-packages/torch/serialization.py", line 1479, in load
    with _open_file_like(f, "rb") as opened_file:
         ^^^^^^^^^^^^^^^^^^^^^^^^
  File "/usr/local/lib/python3.11/site-packages/torch/serialization.py", line 759, in _open_file_like
    return _open_file(name_or_buffer, mode)
           ^^^^^^^^^^^^^^^^^^^^^^^^^^^^^^^^
  File "/usr/local/lib/python3.11/site-packages/torch/serialization.py", line 740, in __init__
    super().__init__(open(name, mode))
                     ^^^^^^^^^^^^^^^^
FileNotFoundError: [Errno 2] No such file or directory: 'models/ncf_model.pt'
