# This file is generated by dbt, do not edit it directly.
# To change the configuration, edit dbt_project.yml or profiles.yml.

[0m22:36:19.619648 [debug] [MainThread]: Sending event: {'category': 'dbt', 'action': 'invocation', 'label': 'start', 'context': [<snowplow_tracker.self_describing_json.SelfDescribingJson object at 0x000001EAA0E91ED0>, <snowplow_tracker.self_describing_json.SelfDescribingJson object at 0x000001EAA0E91B90>, <snowplow_tracker.self_describing_json.SelfDescribingJson object at 0x000001EAA0E92650>]}


============================== 22:36:19.626997 | 8ae136c7-ae2f-4b84-b4bd-e5d58870f137 ==============================
[0m22:36:19.626997 [info ] [MainThread]: Running with dbt=1.9.1
[0m22:36:19.626997 [debug] [MainThread]: running dbt with arguments {'printer_width': '80', 'indirect_selection': 'eager', 'write_json': 'True', 'log_cache_events': 'False', 'partial_parse': 'True', 'cache_selected_only': 'False', 'profiles_dir': 'C:\\Users\\nghoo\\.dbt', 'debug': 'False', 'warn_error': 'None', 'log_path': 'logs', 'fail_fast': 'False', 'version_check': 'True', 'use_colors': 'True', 'use_experimental_parser': 'False', 'no_print': 'None', 'quiet': 'False', 'empty': 'False', 'log_format': 'default', 'introspect': 'True', 'invocation_command': 'dbt run', 'static_parser': 'True', 'target_path': 'None', 'warn_error_options': 'WarnErrorOptions(include=[], exclude=[])', 'send_anonymous_usage_stats': 'True'}
[0m22:36:19.628504 [error] [MainThread]: Encountered an error:
Runtime Error
  No dbt_project.yml found at expected path D:\Giselle_\My Project\recommendation-systems-rule-base\dbt_project.yml
  Verify that each entry within packages.yml (and their transitive dependencies) contains a file named dbt_project.yml
  
[0m22:36:19.630052 [debug] [MainThread]: Command `dbt run` failed at 22:36:19.628504 after 0.17 seconds
[0m22:36:19.630052 [debug] [MainThread]: Sending event: {'category': 'dbt', 'action': 'invocation', 'label': 'end', 'context': [<snowplow_tracker.self_describing_json.SelfDescribingJson object at 0x000001EAA0EEBAD0>, <snowplow_tracker.self_describing_json.SelfDescribingJson object at 0x000001EAA0E9CD90>, <snowplow_tracker.self_describing_json.SelfDescribingJson object at 0x000001EAA0E92D90>]}
[0m22:36:19.630052 [debug] [MainThread]: Flushing usage events
[0m22:36:25.342060 [debug] [MainThread]: An error was encountered while trying to flush usage events
[0m19:53:55.287231 [debug] [MainThread]: Sending event: {'category': 'dbt', 'action': 'invocation', 'label': 'start', 'context': [<snowplow_tracker.self_describing_json.SelfDescribingJson object at 0x0000016E4C385C10>, <snowplow_tracker.self_describing_json.SelfDescribingJson object at 0x0000016E4C366910>, <snowplow_tracker.self_describing_json.SelfDescribingJson object at 0x0000016E4C330850>]}


============================== 19:53:55.297813 | 5eee2766-2bca-4ceb-b746-0a55a07ff431 ==============================
[0m19:53:55.297813 [info ] [MainThread]: Running with dbt=1.9.1
[0m19:53:55.298814 [debug] [MainThread]: running dbt with arguments {'printer_width': '80', 'indirect_selection': 'eager', 'write_json': 'True', 'log_cache_events': 'False', 'partial_parse': 'True', 'cache_selected_only': 'False', 'warn_error': 'None', 'fail_fast': 'False', 'profiles_dir': 'C:\\Users\\nghoo\\.dbt', 'log_path': 'logs', 'version_check': 'True', 'debug': 'False', 'use_colors': 'True', 'use_experimental_parser': 'False', 'empty': 'None', 'quiet': 'False', 'no_print': 'None', 'log_format': 'default', 'static_parser': 'True', 'invocation_command': 'dbt debug', 'warn_error_options': 'WarnErrorOptions(include=[], exclude=[])', 'target_path': 'None', 'introspect': 'True', 'send_anonymous_usage_stats': 'True'}
[0m19:53:55.347303 [info ] [MainThread]: dbt version: 1.9.1
[0m19:53:55.348304 [info ] [MainThread]: python version: 3.11.13
[0m19:53:55.349308 [info ] [MainThread]: python path: C:\Users\nghoo\AppData\Local\anaconda3\envs\fp-growth_env\python.exe
[0m19:53:55.349308 [info ] [MainThread]: os info: Windows-10-10.0.26100-SP0
[0m19:53:55.490506 [info ] [MainThread]: Using profiles dir at C:\Users\nghoo\.dbt
[0m19:53:55.491280 [info ] [MainThread]: Using profiles.yml file at C:\Users\nghoo\.dbt\profiles.yml
[0m19:53:55.492772 [info ] [MainThread]: Using dbt_project.yml file at D:\Giselle_\My Project\recommendation-systems-rule-base\dbt_project.yml
[0m19:53:55.493760 [info ] [MainThread]: adapter type: postgres
[0m19:53:55.494761 [info ] [MainThread]: adapter version: 1.9.0
[0m19:53:55.494761 [info ] [MainThread]: Configuration:
[0m19:53:55.495760 [info ] [MainThread]:   profiles.yml file [[32mOK found and valid[0m]
[0m19:53:55.496774 [info ] [MainThread]:   dbt_project.yml file [[31mERROR not found[0m]
[0m19:53:55.497776 [info ] [MainThread]: Required dependencies:
[0m19:53:55.499882 [debug] [MainThread]: Executing "git --help"
[0m19:53:55.586924 [debug] [MainThread]: STDOUT: "b"usage: git [-v | --version] [-h | --help] [-C <path>] [-c <name>=<value>]\n           [--exec-path[=<path>]] [--html-path] [--man-path] [--info-path]\n           [-p | --paginate | -P | --no-pager] [--no-replace-objects] [--no-lazy-fetch]\n           [--no-optional-locks] [--no-advice] [--bare] [--git-dir=<path>]\n           [--work-tree=<path>] [--namespace=<name>] [--config-env=<name>=<envvar>]\n           <command> [<args>]\n\nThese are common Git commands used in various situations:\n\nstart a working area (see also: git help tutorial)\n   clone      Clone a repository into a new directory\n   init       Create an empty Git repository or reinitialize an existing one\n\nwork on the current change (see also: git help everyday)\n   add        Add file contents to the index\n   mv         Move or rename a file, a directory, or a symlink\n   restore    Restore working tree files\n   rm         Remove files from the working tree and from the index\n\nexamine the history and state (see also: git help revisions)\n   bisect     Use binary search to find the commit that introduced a bug\n   diff       Show changes between commits, commit and working tree, etc\n   grep       Print lines matching a pattern\n   log        Show commit logs\n   show       Show various types of objects\n   status     Show the working tree status\n\ngrow, mark and tweak your common history\n   backfill   Download missing objects in a partial clone\n   branch     List, create, or delete branches\n   commit     Record changes to the repository\n   merge      Join two or more development histories together\n   rebase     Reapply commits on top of another base tip\n   reset      Reset current HEAD to the specified state\n   switch     Switch branches\n   tag        Create, list, delete or verify a tag object signed with GPG\n\ncollaborate (see also: git help workflows)\n   fetch      Download objects and refs from another repository\n   pull       Fetch from and integrate with another repository or a local branch\n   push       Update remote refs along with associated objects\n\n'git help -a' and 'git help -g' list available subcommands and some\nconcept guides. See 'git help <command>' or 'git help <concept>'\nto read about a specific subcommand or concept.\nSee 'git help git' for an overview of the system.\n""
[0m19:53:55.587926 [debug] [MainThread]: STDERR: "b''"
[0m19:53:55.588923 [info ] [MainThread]:  - git [[32mOK found[0m]

[0m19:53:55.589935 [info ] [MainThread]: Connection:
[0m19:53:55.589935 [info ] [MainThread]:   host: localhost
[0m19:53:55.590925 [info ] [MainThread]:   port: 5432
[0m19:53:55.591940 [info ] [MainThread]:   user: nhnammldlnlpcvrs
[0m19:53:55.591940 [info ] [MainThread]:   database: db_postgres
[0m19:53:55.593069 [info ] [MainThread]:   schema: public
[0m19:53:55.593069 [info ] [MainThread]:   connect_timeout: 10
[0m19:53:55.594069 [info ] [MainThread]:   role: None
[0m19:53:55.594069 [info ] [MainThread]:   search_path: None
[0m19:53:55.595071 [info ] [MainThread]:   keepalives_idle: 0
[0m19:53:55.595071 [info ] [MainThread]:   sslmode: None
[0m19:53:55.596070 [info ] [MainThread]:   sslcert: None
[0m19:53:55.596070 [info ] [MainThread]:   sslkey: None
[0m19:53:55.597068 [info ] [MainThread]:   sslrootcert: None
[0m19:53:55.597068 [info ] [MainThread]:   application_name: dbt
[0m19:53:55.598385 [info ] [MainThread]:   retries: 1
[0m19:53:55.598385 [info ] [MainThread]: Registered adapter: postgres=1.9.0
[0m19:53:56.012751 [debug] [MainThread]: Acquiring new postgres connection 'debug'
[0m19:53:59.547341 [debug] [MainThread]: Using postgres connection "debug"
[0m19:53:59.548336 [debug] [MainThread]: On debug: select 1 as id
[0m19:53:59.548336 [debug] [MainThread]: Opening a new connection, currently in state init
[0m19:54:03.663883 [debug] [MainThread]: Postgres adapter: Got a retryable error when attempting to open a postgres connection.
1 attempts remaining. Retrying in 0 seconds.
Error:
connection to server at "localhost" (::1), port 5432 failed: Connection refused (0x0000274D/10061)
	Is the server running on that host and accepting TCP/IP connections?
connection to server at "localhost" (127.0.0.1), port 5432 failed: Connection refused (0x0000274D/10061)
	Is the server running on that host and accepting TCP/IP connections?

[0m19:54:07.751646 [debug] [MainThread]: Postgres adapter: Error running SQL: select 1 as id
[0m19:54:07.752648 [debug] [MainThread]: Postgres adapter: Rolling back transaction.
[0m19:54:07.752648 [debug] [MainThread]: On debug: No close available on handle
[0m19:54:07.753948 [info ] [MainThread]:   Connection test: [[31mERROR[0m]

[0m19:54:07.755019 [info ] [MainThread]: [31m2 checks failed:[0m
[0m19:54:07.755019 [info ] [MainThread]: Project loading failed for the following reason:
 project path <D:\Giselle_\My Project\recommendation-systems-rule-base\dbt_project.yml> not found

[0m19:54:07.756114 [info ] [MainThread]: dbt was unable to connect to the specified database.
The database returned the following error:

  >Database Error
  connection to server at "localhost" (::1), port 5432 failed: Connection refused (0x0000274D/10061)
  	Is the server running on that host and accepting TCP/IP connections?
  connection to server at "localhost" (127.0.0.1), port 5432 failed: Connection refused (0x0000274D/10061)
  	Is the server running on that host and accepting TCP/IP connections?
  

Check your database credentials and try again. For more information, visit:
https://docs.getdbt.com/docs/configure-your-profile


[0m19:54:07.759835 [debug] [MainThread]: Command `dbt debug` failed at 19:54:07.759835 after 12.65 seconds
[0m19:54:07.761300 [debug] [MainThread]: Connection 'debug' was properly closed.
[0m19:54:07.761300 [debug] [MainThread]: Sending event: {'category': 'dbt', 'action': 'invocation', 'label': 'end', 'context': [<snowplow_tracker.self_describing_json.SelfDescribingJson object at 0x0000016E4C385C10>, <snowplow_tracker.self_describing_json.SelfDescribingJson object at 0x0000016E4C33D290>, <snowplow_tracker.self_describing_json.SelfDescribingJson object at 0x0000016E4C332190>]}
[0m19:54:07.761300 [debug] [MainThread]: Flushing usage events
[0m19:54:08.914131 [debug] [MainThread]: An error was encountered while trying to flush usage events
[0m19:56:16.445960 [debug] [MainThread]: Sending event: {'category': 'dbt', 'action': 'invocation', 'label': 'start', 'context': [<snowplow_tracker.self_describing_json.SelfDescribingJson object at 0x000002063BBF7B90>, <snowplow_tracker.self_describing_json.SelfDescribingJson object at 0x000002063BBF5F90>, <snowplow_tracker.self_describing_json.SelfDescribingJson object at 0x000002063BBF5250>]}


============================== 19:56:16.450969 | f73c23c5-7900-4bcd-aa9e-2795f5c24c99 ==============================
[0m19:56:16.450969 [info ] [MainThread]: Running with dbt=1.9.1
[0m19:56:16.451973 [debug] [MainThread]: running dbt with arguments {'printer_width': '80', 'indirect_selection': 'eager', 'write_json': 'True', 'log_cache_events': 'False', 'partial_parse': 'True', 'cache_selected_only': 'False', 'profiles_dir': 'C:\\Users\\nghoo\\.dbt', 'debug': 'False', 'warn_error': 'None', 'log_path': 'logs', 'fail_fast': 'False', 'version_check': 'True', 'use_colors': 'True', 'use_experimental_parser': 'False', 'empty': 'None', 'quiet': 'False', 'no_print': 'None', 'warn_error_options': 'WarnErrorOptions(include=[], exclude=[])', 'invocation_command': 'dbt debug', 'static_parser': 'True', 'introspect': 'True', 'target_path': 'None', 'log_format': 'default', 'send_anonymous_usage_stats': 'True'}
[0m19:56:16.488253 [info ] [MainThread]: dbt version: 1.9.1
[0m19:56:16.490711 [info ] [MainThread]: python version: 3.11.13
[0m19:56:16.491711 [info ] [MainThread]: python path: C:\Users\nghoo\AppData\Local\anaconda3\envs\fp-growth_env\python.exe
[0m19:56:16.493712 [info ] [MainThread]: os info: Windows-10-10.0.26100-SP0
[0m19:56:16.571840 [info ] [MainThread]: Using profiles dir at C:\Users\nghoo\.dbt
[0m19:56:16.573039 [info ] [MainThread]: Using profiles.yml file at C:\Users\nghoo\.dbt\profiles.yml
[0m19:56:16.573039 [info ] [MainThread]: Using dbt_project.yml file at D:\Giselle_\My Project\recommendation-systems-rule-base\dbt_project.yml
[0m19:56:16.574542 [info ] [MainThread]: adapter type: postgres
[0m19:56:16.575959 [info ] [MainThread]: adapter version: 1.9.0
[0m19:56:16.575959 [info ] [MainThread]: Configuration:
[0m19:56:16.577114 [info ] [MainThread]:   profiles.yml file [[32mOK found and valid[0m]
[0m19:56:16.577114 [info ] [MainThread]:   dbt_project.yml file [[31mERROR not found[0m]
[0m19:56:16.577114 [info ] [MainThread]: Required dependencies:
[0m19:56:16.578437 [debug] [MainThread]: Executing "git --help"
[0m19:56:16.627127 [debug] [MainThread]: STDOUT: "b"usage: git [-v | --version] [-h | --help] [-C <path>] [-c <name>=<value>]\n           [--exec-path[=<path>]] [--html-path] [--man-path] [--info-path]\n           [-p | --paginate | -P | --no-pager] [--no-replace-objects] [--no-lazy-fetch]\n           [--no-optional-locks] [--no-advice] [--bare] [--git-dir=<path>]\n           [--work-tree=<path>] [--namespace=<name>] [--config-env=<name>=<envvar>]\n           <command> [<args>]\n\nThese are common Git commands used in various situations:\n\nstart a working area (see also: git help tutorial)\n   clone      Clone a repository into a new directory\n   init       Create an empty Git repository or reinitialize an existing one\n\nwork on the current change (see also: git help everyday)\n   add        Add file contents to the index\n   mv         Move or rename a file, a directory, or a symlink\n   restore    Restore working tree files\n   rm         Remove files from the working tree and from the index\n\nexamine the history and state (see also: git help revisions)\n   bisect     Use binary search to find the commit that introduced a bug\n   diff       Show changes between commits, commit and working tree, etc\n   grep       Print lines matching a pattern\n   log        Show commit logs\n   show       Show various types of objects\n   status     Show the working tree status\n\ngrow, mark and tweak your common history\n   backfill   Download missing objects in a partial clone\n   branch     List, create, or delete branches\n   commit     Record changes to the repository\n   merge      Join two or more development histories together\n   rebase     Reapply commits on top of another base tip\n   reset      Reset current HEAD to the specified state\n   switch     Switch branches\n   tag        Create, list, delete or verify a tag object signed with GPG\n\ncollaborate (see also: git help workflows)\n   fetch      Download objects and refs from another repository\n   pull       Fetch from and integrate with another repository or a local branch\n   push       Update remote refs along with associated objects\n\n'git help -a' and 'git help -g' list available subcommands and some\nconcept guides. See 'git help <command>' or 'git help <concept>'\nto read about a specific subcommand or concept.\nSee 'git help git' for an overview of the system.\n""
[0m19:56:16.628326 [debug] [MainThread]: STDERR: "b''"
[0m19:56:16.628326 [info ] [MainThread]:  - git [[32mOK found[0m]

[0m19:56:16.629580 [info ] [MainThread]: Connection:
[0m19:56:16.629580 [info ] [MainThread]:   host: localhost
[0m19:56:16.630818 [info ] [MainThread]:   port: 5432
[0m19:56:16.630818 [info ] [MainThread]:   user: nhnammldlnlpcvrs
[0m19:56:16.632167 [info ] [MainThread]:   database: db_postgres
[0m19:56:16.632167 [info ] [MainThread]:   schema: public
[0m19:56:16.632167 [info ] [MainThread]:   connect_timeout: 10
[0m19:56:16.633271 [info ] [MainThread]:   role: None
[0m19:56:16.633271 [info ] [MainThread]:   search_path: None
[0m19:56:16.634264 [info ] [MainThread]:   keepalives_idle: 0
[0m19:56:16.634264 [info ] [MainThread]:   sslmode: None
[0m19:56:16.635266 [info ] [MainThread]:   sslcert: None
[0m19:56:16.635266 [info ] [MainThread]:   sslkey: None
[0m19:56:16.636740 [info ] [MainThread]:   sslrootcert: None
[0m19:56:16.637736 [info ] [MainThread]:   application_name: dbt
[0m19:56:16.637736 [info ] [MainThread]:   retries: 1
[0m19:56:16.638896 [info ] [MainThread]: Registered adapter: postgres=1.9.0
[0m19:56:16.867541 [debug] [MainThread]: Acquiring new postgres connection 'debug'
[0m19:56:16.910949 [debug] [MainThread]: Using postgres connection "debug"
[0m19:56:16.911947 [debug] [MainThread]: On debug: select 1 as id
[0m19:56:16.911947 [debug] [MainThread]: Opening a new connection, currently in state init
[0m19:56:21.019018 [debug] [MainThread]: Postgres adapter: Got a retryable error when attempting to open a postgres connection.
1 attempts remaining. Retrying in 0 seconds.
Error:
connection to server at "localhost" (::1), port 5432 failed: Connection refused (0x0000274D/10061)
	Is the server running on that host and accepting TCP/IP connections?
connection to server at "localhost" (127.0.0.1), port 5432 failed: Connection refused (0x0000274D/10061)
	Is the server running on that host and accepting TCP/IP connections?

[0m19:56:25.072210 [debug] [MainThread]: Postgres adapter: Error running SQL: select 1 as id
[0m19:56:25.073218 [debug] [MainThread]: Postgres adapter: Rolling back transaction.
[0m19:56:25.073218 [debug] [MainThread]: On debug: No close available on handle
[0m19:56:25.074212 [info ] [MainThread]:   Connection test: [[31mERROR[0m]

[0m19:56:25.074212 [info ] [MainThread]: [31m2 checks failed:[0m
[0m19:56:25.075412 [info ] [MainThread]: Project loading failed for the following reason:
 project path <D:\Giselle_\My Project\recommendation-systems-rule-base\dbt_project.yml> not found

[0m19:56:25.076479 [info ] [MainThread]: dbt was unable to connect to the specified database.
The database returned the following error:

  >Database Error
  connection to server at "localhost" (::1), port 5432 failed: Connection refused (0x0000274D/10061)
  	Is the server running on that host and accepting TCP/IP connections?
  connection to server at "localhost" (127.0.0.1), port 5432 failed: Connection refused (0x0000274D/10061)
  	Is the server running on that host and accepting TCP/IP connections?
  

Check your database credentials and try again. For more information, visit:
https://docs.getdbt.com/docs/configure-your-profile


[0m19:56:25.078043 [debug] [MainThread]: Command `dbt debug` failed at 19:56:25.078043 after 8.72 seconds
[0m19:56:25.078043 [debug] [MainThread]: Connection 'debug' was properly closed.
[0m19:56:25.079061 [debug] [MainThread]: Sending event: {'category': 'dbt', 'action': 'invocation', 'label': 'end', 'context': [<snowplow_tracker.self_describing_json.SelfDescribingJson object at 0x000002063BBAD410>, <snowplow_tracker.self_describing_json.SelfDescribingJson object at 0x000002063AF0E050>, <snowplow_tracker.self_describing_json.SelfDescribingJson object at 0x000002063D254790>]}
[0m19:56:25.079061 [debug] [MainThread]: Flushing usage events
[0m19:56:26.391684 [debug] [MainThread]: An error was encountered while trying to flush usage events
[0m23:01:24.764491 [debug] [MainThread]: Sending event: {'category': 'dbt', 'action': 'invocation', 'label': 'start', 'context': [<snowplow_tracker.self_describing_json.SelfDescribingJson object at 0x000001BE9635EBD0>, <snowplow_tracker.self_describing_json.SelfDescribingJson object at 0x000001BE996CC050>, <snowplow_tracker.self_describing_json.SelfDescribingJson object at 0x000001BE996CE850>]}


============================== 23:01:24.770937 | 88172892-f5fc-4062-b851-941292ec8522 ==============================
[0m23:01:24.770937 [info ] [MainThread]: Running with dbt=1.9.1
[0m23:01:24.771949 [debug] [MainThread]: running dbt with arguments {'printer_width': '80', 'indirect_selection': 'eager', 'log_cache_events': 'False', 'write_json': 'True', 'partial_parse': 'True', 'cache_selected_only': 'False', 'profiles_dir': 'C:\\Users\\nghoo\\.dbt', 'version_check': 'True', 'fail_fast': 'False', 'log_path': 'logs', 'warn_error': 'None', 'debug': 'False', 'use_colors': 'True', 'use_experimental_parser': 'False', 'no_print': 'None', 'quiet': 'False', 'empty': 'None', 'warn_error_options': 'WarnErrorOptions(include=[], exclude=[])', 'static_parser': 'True', 'invocation_command': 'dbt debug', 'introspect': 'True', 'target_path': 'None', 'log_format': 'default', 'send_anonymous_usage_stats': 'True'}
[0m23:01:24.817480 [info ] [MainThread]: dbt version: 1.9.1
[0m23:01:24.818483 [info ] [MainThread]: python version: 3.11.13
[0m23:01:24.819481 [info ] [MainThread]: python path: C:\Users\nghoo\AppData\Local\anaconda3\envs\fp-growth_env\python.exe
[0m23:01:24.820489 [info ] [MainThread]: os info: Windows-10-10.0.26100-SP0
[0m23:01:24.902291 [info ] [MainThread]: Using profiles dir at C:\Users\nghoo\.dbt
[0m23:01:24.903291 [info ] [MainThread]: Using profiles.yml file at C:\Users\nghoo\.dbt\profiles.yml
[0m23:01:24.904291 [info ] [MainThread]: Using dbt_project.yml file at D:\Giselle_\My Project\recommendation-systems-rule-base\dbt_project.yml
[0m23:01:24.905292 [info ] [MainThread]: adapter type: postgres
[0m23:01:24.906292 [info ] [MainThread]: adapter version: 1.9.0
[0m23:01:24.906292 [info ] [MainThread]: Configuration:
[0m23:01:24.907292 [info ] [MainThread]:   profiles.yml file [[32mOK found and valid[0m]
[0m23:01:24.907292 [info ] [MainThread]:   dbt_project.yml file [[31mERROR not found[0m]
[0m23:01:24.908530 [info ] [MainThread]: Required dependencies:
[0m23:01:24.909602 [debug] [MainThread]: Executing "git --help"
[0m23:01:24.957746 [debug] [MainThread]: STDOUT: "b"usage: git [-v | --version] [-h | --help] [-C <path>] [-c <name>=<value>]\n           [--exec-path[=<path>]] [--html-path] [--man-path] [--info-path]\n           [-p | --paginate | -P | --no-pager] [--no-replace-objects] [--no-lazy-fetch]\n           [--no-optional-locks] [--no-advice] [--bare] [--git-dir=<path>]\n           [--work-tree=<path>] [--namespace=<name>] [--config-env=<name>=<envvar>]\n           <command> [<args>]\n\nThese are common Git commands used in various situations:\n\nstart a working area (see also: git help tutorial)\n   clone      Clone a repository into a new directory\n   init       Create an empty Git repository or reinitialize an existing one\n\nwork on the current change (see also: git help everyday)\n   add        Add file contents to the index\n   mv         Move or rename a file, a directory, or a symlink\n   restore    Restore working tree files\n   rm         Remove files from the working tree and from the index\n\nexamine the history and state (see also: git help revisions)\n   bisect     Use binary search to find the commit that introduced a bug\n   diff       Show changes between commits, commit and working tree, etc\n   grep       Print lines matching a pattern\n   log        Show commit logs\n   show       Show various types of objects\n   status     Show the working tree status\n\ngrow, mark and tweak your common history\n   backfill   Download missing objects in a partial clone\n   branch     List, create, or delete branches\n   commit     Record changes to the repository\n   merge      Join two or more development histories together\n   rebase     Reapply commits on top of another base tip\n   reset      Reset current HEAD to the specified state\n   switch     Switch branches\n   tag        Create, list, delete or verify a tag object signed with GPG\n\ncollaborate (see also: git help workflows)\n   fetch      Download objects and refs from another repository\n   pull       Fetch from and integrate with another repository or a local branch\n   push       Update remote refs along with associated objects\n\n'git help -a' and 'git help -g' list available subcommands and some\nconcept guides. See 'git help <command>' or 'git help <concept>'\nto read about a specific subcommand or concept.\nSee 'git help git' for an overview of the system.\n""
[0m23:01:24.959259 [debug] [MainThread]: STDERR: "b''"
[0m23:01:24.959259 [info ] [MainThread]:  - git [[32mOK found[0m]

[0m23:01:24.960264 [info ] [MainThread]: Connection:
[0m23:01:24.961265 [info ] [MainThread]:   host: localhost
[0m23:01:24.962265 [info ] [MainThread]:   port: 5432
[0m23:01:24.962265 [info ] [MainThread]:   user: nhnammldlnlpcvrs
[0m23:01:24.963265 [info ] [MainThread]:   database: db_postgres
[0m23:01:24.963265 [info ] [MainThread]:   schema: public
[0m23:01:24.964264 [info ] [MainThread]:   connect_timeout: 10
[0m23:01:24.965261 [info ] [MainThread]:   role: None
[0m23:01:24.965261 [info ] [MainThread]:   search_path: None
[0m23:01:24.966267 [info ] [MainThread]:   keepalives_idle: 0
[0m23:01:24.966267 [info ] [MainThread]:   sslmode: None
[0m23:01:24.967625 [info ] [MainThread]:   sslcert: None
[0m23:01:24.968622 [info ] [MainThread]:   sslkey: None
[0m23:01:24.968622 [info ] [MainThread]:   sslrootcert: None
[0m23:01:24.969884 [info ] [MainThread]:   application_name: dbt
[0m23:01:24.970889 [info ] [MainThread]:   retries: 1
[0m23:01:24.972432 [info ] [MainThread]: Registered adapter: postgres=1.9.0
[0m23:01:25.204071 [debug] [MainThread]: Acquiring new postgres connection 'debug'
[0m23:01:25.262971 [debug] [MainThread]: Using postgres connection "debug"
[0m23:01:25.262971 [debug] [MainThread]: On debug: select 1 as id
[0m23:01:25.263971 [debug] [MainThread]: Opening a new connection, currently in state init
[0m23:01:25.338375 [debug] [MainThread]: SQL status: SELECT 1 in 0.074 seconds
[0m23:01:25.339391 [debug] [MainThread]: On debug: Close
[0m23:01:25.340391 [info ] [MainThread]:   Connection test: [[32mOK connection ok[0m]

[0m23:01:25.341386 [info ] [MainThread]: [31m1 check failed:[0m
[0m23:01:25.341386 [info ] [MainThread]: Project loading failed for the following reason:
 project path <D:\Giselle_\My Project\recommendation-systems-rule-base\dbt_project.yml> not found

[0m23:01:25.343576 [debug] [MainThread]: Command `dbt debug` failed at 23:01:25.343576 after 0.69 seconds
[0m23:01:25.344595 [debug] [MainThread]: Connection 'debug' was properly closed.
[0m23:01:25.344595 [debug] [MainThread]: Sending event: {'category': 'dbt', 'action': 'invocation', 'label': 'end', 'context': [<snowplow_tracker.self_describing_json.SelfDescribingJson object at 0x000001BE996CD110>, <snowplow_tracker.self_describing_json.SelfDescribingJson object at 0x000001BE997AB550>, <snowplow_tracker.self_describing_json.SelfDescribingJson object at 0x000001BE92E4D510>]}
[0m23:01:25.345593 [debug] [MainThread]: Flushing usage events
[0m23:01:26.429186 [debug] [MainThread]: An error was encountered while trying to flush usage events
